# This file contains error messages which are shown to user, when http/https
# login is used.
# These messages can be changed to make user interface more friendly, including
# translations to different languages.
#
# Various variables can be used here as well. Most frequently used ones are:
#	$(error-orig)	- original error message from hotspot
#	$(ip)		- ip address of a client
#	$(username)	- username of client trying to log in

# internal-error
# It should never happen. If it will, error page will be shown
# displaying this error message (error-orig will describe what has happened)

internal-error = خطای داخلی ($(error-orig))

# config-error
# Should never happen if hotspot is configured properly.

config-error = خطای پیکربندی ($(error-orig))

# not-logged-in
# Will happen, if status or logout page is requested by user,
# which actually is not logged in

not-logged-in = شما هنوز وارد نشده اید. آی پی : $(ip)

# ippool-empty
# IP address for user is to be assigned from ip pool, but there are no more
# addresses in that pool

ippool-empty = عدم توانایی در اختصاص آی پی آدرس

# shutting-down
# When shutdown is executed, new clients are not accepted

shutting-down = سرور در حال خاموش شدن است

# user-session-limit
# If user profile has limit of shared-users, then this error will be shown
# after reaching this limit

user-session-limit = تعداد دستگاه های متصل شونده بیش از حد مجاز است

# license-session-limit
# Depending on licence number of active hotspot clients is limited to
# one or another amount. If this limit is reached, following error is displayed.

license-session-limit = محدودیت زمانی اتصال شما به پایان رسیده است ($(error-orig))

# wrong-mac-username
# If username looks like MAC address (12:34:56:78:9a:bc), but is not
# a MAC address of this client, login is rejected

wrong-mac-username = مک آدرس اشتباه است

# chap-missing
# If http-chap login method is used, but hotspot program does not receive
# back encrypted password, this error message is shown.
# Possible reasons of failure:
#	- JavaScript is not enabled in web browser;
#	- login.html page is not valid;
#	- challenge value has expired on server (more than 1h of inactivity);
#	- http-chap login method is recently removed;
# If JavaScript is enabled and login.html page is valid,
# then retrying to login usually fixes this problem.

chap-missing = مرورگر وب پاسخی ارسال نمی کند

# invalid-username
# Most general case of invalid username or password. If RADIUS server
# has sent an error string with Access-Reject message, then it will
# override this setting.

invalid-password = رمز عبور اشتباه است
invalid-username = نام کاربری اشتباه است

# invalid-mac
# Local users (on hotspot server) can be bound to some MAC address. If login
# from different MAC is tried, this error message will be shown.

invalid-mac = مک آدرس نامعتبر است

# uptime-limit, traffic-limit
# For local hotspot users in case if limits are reached

uptime-limit = کاربر $(username) مدت زمان اعتبار حساب کاربری شما به پایان رسیده است
traffic-limit = حجم شما به اتمام رسیده است

# radius-timeout
# User is authenticated by RADIUS server, but no response is received from it,
# following error will be shown.

radius-timeout = سرور پاسخ نمی دهد 

# auth-in-progress
# Authorization in progress. Client already has issued an authorization request
# which is not yet complete.

auth-in-progress = شما قبلا درخواست ورود داده اید لطفا بعدا تلاش کنید

# radius-reply
# Radius server returned some custom error message

radius-reply = $(error-orig)
